// Jest Snapshot v1, https://goo.gl/fbAQLP

exports[`Pages ActivitiesList should display the activity indicator in the footer if it is fetching 1`] = `
<ActivityIndicator
  animating={true}
  color="#999999"
  hidesWhenStopped={true}
  size="large"
  style={
    Object {
      "marginVertical": 20,
    }
  }
/>
`;

exports[`Pages ActivitiesList should display the header if it is not fetching 1`] = `
<View
  style={
    Object {
      "backgroundColor": "white",
      "paddingHorizontal": 15,
    }
  }
>
  <LastTwoYearsStatistics
    count1={100}
    count2={20}
    image={1}
    title1="In 2017"
    title2="In 2015"
  />
</View>
`;

exports[`Pages ActivitiesList should renders correctly with activities and fetching 1`] = `
<Component
  style={
    Object {
      "flex": 1,
    }
  }
>
  <Navbar
    onBack={[MockFunction]}
    title="Activities"
  />
  <FlatList
    ListFooterComponent={[Function]}
    ListHeaderComponent={[Function]}
    data={
      Array [
        Object {
          "date_it_happened": "1991-12-17",
          "description": "My description",
          "summary": "Activity title",
        },
      ]
    }
    disableVirtualization={false}
    horizontal={false}
    initialNumToRender={10}
    keyExtractor={[Function]}
    maxToRenderPerBatch={10}
    numColumns={1}
    onEndReached={
      [MockFunction] {
        "calls": Array [
          Array [],
        ],
        "results": Array [
          Object {
            "isThrow": false,
            "value": undefined,
          },
        ],
      }
    }
    onEndReachedThreshold={0.5}
    renderItem={[Function]}
    scrollEventThrottle={50}
    updateCellsBatchingPeriod={50}
    windowSize={21}
  />
</Component>
`;

exports[`Pages ActivitiesList should renders correctly with activities and fetching 2`] = `
<View
  style={
    Object {
      "backgroundColor": "white",
      "borderBottomWidth": 0.5,
      "borderColor": "#E2E4E5",
      "paddingHorizontal": 15,
      "paddingVertical": 20,
    }
  }
>
  <Component
    style={
      Object {
        "flexDirection": "row",
      }
    }
  >
    <Text
      accessible={true}
      allowFontScaling={true}
      ellipsizeMode="tail"
      style={
        Object {
          "color": "#355974",
        }
      }
    >
      Activity title
    </Text>
    <Component
      style={
        Object {
          "flex": 1,
        }
      }
    />
    <Text
      accessible={true}
      allowFontScaling={true}
      ellipsizeMode="tail"
      style={
        Object {
          "color": "#97A5B2",
        }
      }
    >
      25 years ago
    </Text>
  </Component>
  <Text
    accessible={true}
    allowFontScaling={true}
    ellipsizeMode="tail"
    style={
      Object {
        "fontSize": 14,
        "marginTop": 5,
      }
    }
  >
    My description
  </Text>
</View>
`;

exports[`Pages ActivitiesList should renders correctly with activities and fetching 3`] = `
<Component
  style={
    Object {
      "flex": 1,
    }
  }
>
  <Navbar
    onBack={[MockFunction]}
    title="Activities"
  />
  <FlatList
    ListFooterComponent={[Function]}
    ListHeaderComponent={[Function]}
    data={
      Array [
        Object {
          "date_it_happened": "1991-12-17",
          "description": "My description",
          "summary": "Activity title",
        },
        Object {
          "date_it_happened": "1993-12-17",
          "description": "My description 2",
          "summary": "Activity title 2",
        },
      ]
    }
    disableVirtualization={false}
    horizontal={false}
    initialNumToRender={10}
    keyExtractor={[Function]}
    maxToRenderPerBatch={10}
    numColumns={1}
    onEndReached={
      [MockFunction] {
        "calls": Array [
          Array [],
        ],
        "results": Array [
          Object {
            "isThrow": false,
            "value": undefined,
          },
        ],
      }
    }
    onEndReachedThreshold={0.5}
    renderItem={[Function]}
    scrollEventThrottle={50}
    updateCellsBatchingPeriod={50}
    windowSize={21}
  />
</Component>
`;

exports[`Pages ActivitiesList should renders correctly with activities and fetching 4`] = `
<View
  style={
    Object {
      "backgroundColor": "white",
      "borderBottomWidth": 0.5,
      "borderColor": "#E2E4E5",
      "paddingHorizontal": 15,
      "paddingVertical": 20,
    }
  }
>
  <Component
    style={
      Object {
        "flexDirection": "row",
      }
    }
  >
    <Text
      accessible={true}
      allowFontScaling={true}
      ellipsizeMode="tail"
      style={
        Object {
          "color": "#355974",
        }
      }
    >
      Activity title
    </Text>
    <Component
      style={
        Object {
          "flex": 1,
        }
      }
    />
    <Text
      accessible={true}
      allowFontScaling={true}
      ellipsizeMode="tail"
      style={
        Object {
          "color": "#97A5B2",
        }
      }
    >
      25 years ago
    </Text>
  </Component>
  <Text
    accessible={true}
    allowFontScaling={true}
    ellipsizeMode="tail"
    style={
      Object {
        "fontSize": 14,
        "marginTop": 5,
      }
    }
  >
    My description
  </Text>
</View>
`;

exports[`Pages ActivitiesList should renders correctly with activities and fetching 5`] = `
<View
  style={
    Object {
      "backgroundColor": "white",
      "borderBottomWidth": 0.5,
      "borderColor": "#E2E4E5",
      "paddingHorizontal": 15,
      "paddingVertical": 20,
    }
  }
>
  <Component
    style={
      Object {
        "flexDirection": "row",
      }
    }
  >
    <Text
      accessible={true}
      allowFontScaling={true}
      ellipsizeMode="tail"
      style={
        Object {
          "color": "#355974",
        }
      }
    >
      Activity title 2
    </Text>
    <Component
      style={
        Object {
          "flex": 1,
        }
      }
    />
    <Text
      accessible={true}
      allowFontScaling={true}
      ellipsizeMode="tail"
      style={
        Object {
          "color": "#97A5B2",
        }
      }
    >
      23 years ago
    </Text>
  </Component>
  <Text
    accessible={true}
    allowFontScaling={true}
    ellipsizeMode="tail"
    style={
      Object {
        "fontSize": 14,
        "marginTop": 5,
      }
    }
  >
    My description 2
  </Text>
</View>
`;

exports[`Pages ActivitiesList should renders correctly without activities and fetching 1`] = `
<Component
  style={
    Object {
      "flex": 1,
    }
  }
>
  <Navbar
    onBack={[MockFunction]}
    title="Activities"
  />
  <FlatList
    ListFooterComponent={[Function]}
    ListHeaderComponent={[Function]}
    data={Array []}
    disableVirtualization={false}
    horizontal={false}
    initialNumToRender={10}
    keyExtractor={[Function]}
    maxToRenderPerBatch={10}
    numColumns={1}
    onEndReached={
      [MockFunction] {
        "calls": Array [
          Array [],
        ],
        "results": Array [
          Object {
            "isThrow": false,
            "value": undefined,
          },
        ],
      }
    }
    onEndReachedThreshold={0.5}
    renderItem={[Function]}
    scrollEventThrottle={50}
    updateCellsBatchingPeriod={50}
    windowSize={21}
  />
</Component>
`;

exports[`Pages ActivitiesList should renders correctly without activities and not fetching 1`] = `
<Component
  style={
    Object {
      "flex": 1,
    }
  }
>
  <Navbar
    onBack={[MockFunction]}
    title="Activities"
  />
  <EmptyActivity
    image={1}
    subtitle="Keep track of what youâ€™ve done."
    title="Have you done an activity with Theo lately?"
  />
</Component>
`;
